   ▲ Next.js 15.5.5
   - Environments: .env.local

